Tree:
      5
     / \
    /   \
   /     \
  1       9
   \     /
    4   8
   /   /
  3   7
 /   /
2   6

#nodes = 9,  #leaves = 2
Infix  : 1 2 3 4 5 6 7 8 9 
Prefix : 5 1 4 3 2 9 8 7 6 
Postfix: 2 3 4 1 6 7 8 9 5 
ByLevel: 5 1 9 4 8 3 7 2 6 
